Just a friendly reminder! You have these tasks to finish today.
- Organize a Beach Cleanup Event.

These tasks need to be finished in the next three days!

You have the following meetings today!
- Volunteer Work at Echo Creek Animal Shelter. at 09:00
- Exploring Echo Creek's Hidden Caves. at 14:00

You have the following meetings scheduled over the next week!
- Echo Creek Music Festival. on 10/09/23 at 16:00
- Beach Bonfire Party with Friends. on 10/09/23 at 19:00
- Echo Creek High School Council Meeting. on 09/09/23 at 12:30
- Part-time Job Shift at Echo Creek Surf Shop. on 10/09/23 at 14:30

What would you like to do?
1. Complete tasks
2. Add a new meeting.
3. Share a task.
4. Share a meeting.
5. Change Jafr's master directory.
6. Exit
Which task(s) would you like to mark as completed?
1. Learn to Kickflip Like a Pro. by 20/09/23
2. Participate in the Echo Creek Skateboarding Competition. by 25/09/23
3. Surf the Biggest Waves at Echo Creek Beach. by 30/09/23
4. Organize a Beach Cleanup Event. by 05/09/23
5. Find the Best Spot for Sunset Gazing. by 20/09/23
6. Host a Bonfire Party by the Beach. by 15/09/23
7. Capture the Beauty of Echo Creek with Photography. by 15/09/23
8. Be a Supportive Friend to Marco. by 30/09/23
9. Share Secrets and Bond with Star. by 04/09/23
Invalid task number. Please type again.
Marked as complete.
What would you like to do?
1. Complete tasks
2. Add a new meeting.
3. Share a task.
4. Share a meeting.
5. Change Jafr's master directory.
6. Exit
