Just a friendly reminder! You have these tasks to finish today.
- Organize a Beach Cleanup Event.

These tasks need to be finished in the next three days!

You have the following meetings today!
- Volunteer Work at Echo Creek Animal Shelter. at 09:00
- Exploring Echo Creek's Hidden Caves. at 14:00

You have the following meetings scheduled over the next week!
- Echo Creek Music Festival. on 10/09/23 at 16:00
- Beach Bonfire Party with Friends. on 10/09/23 at 19:00
- Echo Creek High School Council Meeting. on 09/09/23 at 12:30
- Part-time Job Shift at Echo Creek Surf Shop. on 10/09/23 at 14:30

What would you like to do?
1. Complete tasks
2. Add a new meeting.
3. Share a task.
4. Share a meeting.
5. Change Jafr's master directory.
6. Exit
