Just a friendly reminder! You have these tasks to finish today.
- Protect the Underworld from Intruders.

These tasks need to be finished in the next three days!

You have the following meetings today!
- Adventure with Dad: Portal Hunting! at 09:15
- Celebrating Tom's Birthday in the Underworld. at 18:00

You have the following meetings scheduled over the next week!
- Blood Moon Ball with Star... on 10/09/23 at 20:00
- Castle Hangout with Star and Friends. on 10/09/23 at 17:00
- Fire Magic Training with Mom. on 10/09/23 at 15:30

What would you like to do?
1. Complete tasks
2. Add a new meeting.
3. Share a task.
4. Share a meeting.
5. Change Jafr's master directory.
6. Exit
